// swiftlint:disable all
import Foundation
public struct Translations {
	static let SOMETHING = NSLocalizedString("SOMETHING", comment: "")
	static let SOMETHING_ESCAPED = NSLocalizedString("SOMETHING_ESCAPED", comment: "")
	static let SOMETHING_FOR_XML = NSLocalizedString("SOMETHING_FOR_XML", comment: "")
	static func SOMETHING_WITH_ARGUMENTS(_ p1: String, _ p2: String) -> String { return NSLocalizedString("SOMETHING_WITH_ARGUMENTS", comment: "").replacingOccurrences(of: "%1", with: p1).replacingOccurrences(of: "%2", with: p2) }
	static let WATCH_OUT_FOR_NEW_LINES = NSLocalizedString("WATCH_OUT_FOR_NEW_LINES", comment: "")
	static let iOSCaseSensitiveKey = NSLocalizedString("iOSCaseSensitiveKey", comment: "")
}
